// Jest Snapshot v1, https://goo.gl/fbAQLP

exports[`ToDo should render 1`] = `
ShallowWrapper {
  Symbol(enzyme.__root__): [Circular],
  Symbol(enzyme.__unrendered__): <ToDoList
    orderBy="title"
    refetch={[Function]}
    toDos={
      Array [
        ToDo {
          "done": false,
          "dueDate": "2018-09-27T10:53:48.248Z",
          "dueDateTimeStamp": 1538045628248,
          "id": "d8a01e139ee9e81bd897",
          "priority": 2,
          "title": "Todo 1",
        },
        ToDo {
          "done": false,
          "dueDate": "2018-09-27T10:53:48.248Z",
          "dueDateTimeStamp": 1538045628248,
          "id": "040798423bed67f20f85",
          "priority": 1,
          "title": "Todo 2",
        },
      ]
    }
  />,
  Symbol(enzyme.__renderer__): Object {
    "batchedUpdates": [Function],
    "getNode": [Function],
    "render": [Function],
    "simulateError": [Function],
    "simulateEvent": [Function],
    "unmount": [Function],
  },
  Symbol(enzyme.__node__): Object {
    "instance": null,
    "key": undefined,
    "nodeType": "host",
    "props": Object {
      "children": Array [
        <ToDo
          className="c-toDoList__item"
          orderBy="title"
          refetch={[Function]}
          toDo={
            ToDo {
              "done": false,
              "dueDate": "2018-09-27T10:53:48.248Z",
              "dueDateTimeStamp": 1538045628248,
              "id": "d8a01e139ee9e81bd897",
              "priority": 2,
              "title": "Todo 1",
            }
          }
        />,
        <ToDo
          className="c-toDoList__item"
          orderBy="title"
          refetch={[Function]}
          toDo={
            ToDo {
              "done": false,
              "dueDate": "2018-09-27T10:53:48.248Z",
              "dueDateTimeStamp": 1538045628248,
              "id": "040798423bed67f20f85",
              "priority": 1,
              "title": "Todo 2",
            }
          }
        />,
      ],
      "className": "c-toDoList",
    },
    "ref": null,
    "rendered": Array [
      Object {
        "instance": null,
        "key": "d8a01e139ee9e81bd897",
        "nodeType": "function",
        "props": Object {
          "className": "c-toDoList__item",
          "orderBy": "title",
          "refetch": [Function],
          "toDo": ToDo {
            "done": false,
            "dueDate": "2018-09-27T10:53:48.248Z",
            "dueDateTimeStamp": 1538045628248,
            "id": "d8a01e139ee9e81bd897",
            "priority": 2,
            "title": "Todo 1",
          },
        },
        "ref": null,
        "rendered": null,
        "type": [Function],
      },
      Object {
        "instance": null,
        "key": "040798423bed67f20f85",
        "nodeType": "function",
        "props": Object {
          "className": "c-toDoList__item",
          "orderBy": "title",
          "refetch": [Function],
          "toDo": ToDo {
            "done": false,
            "dueDate": "2018-09-27T10:53:48.248Z",
            "dueDateTimeStamp": 1538045628248,
            "id": "040798423bed67f20f85",
            "priority": 1,
            "title": "Todo 2",
          },
        },
        "ref": null,
        "rendered": null,
        "type": [Function],
      },
    ],
    "type": "ul",
  },
  Symbol(enzyme.__nodes__): Array [
    Object {
      "instance": null,
      "key": undefined,
      "nodeType": "host",
      "props": Object {
        "children": Array [
          <ToDo
            className="c-toDoList__item"
            orderBy="title"
            refetch={[Function]}
            toDo={
              ToDo {
                "done": false,
                "dueDate": "2018-09-27T10:53:48.248Z",
                "dueDateTimeStamp": 1538045628248,
                "id": "d8a01e139ee9e81bd897",
                "priority": 2,
                "title": "Todo 1",
              }
            }
          />,
          <ToDo
            className="c-toDoList__item"
            orderBy="title"
            refetch={[Function]}
            toDo={
              ToDo {
                "done": false,
                "dueDate": "2018-09-27T10:53:48.248Z",
                "dueDateTimeStamp": 1538045628248,
                "id": "040798423bed67f20f85",
                "priority": 1,
                "title": "Todo 2",
              }
            }
          />,
        ],
        "className": "c-toDoList",
      },
      "ref": null,
      "rendered": Array [
        Object {
          "instance": null,
          "key": "d8a01e139ee9e81bd897",
          "nodeType": "function",
          "props": Object {
            "className": "c-toDoList__item",
            "orderBy": "title",
            "refetch": [Function],
            "toDo": ToDo {
              "done": false,
              "dueDate": "2018-09-27T10:53:48.248Z",
              "dueDateTimeStamp": 1538045628248,
              "id": "d8a01e139ee9e81bd897",
              "priority": 2,
              "title": "Todo 1",
            },
          },
          "ref": null,
          "rendered": null,
          "type": [Function],
        },
        Object {
          "instance": null,
          "key": "040798423bed67f20f85",
          "nodeType": "function",
          "props": Object {
            "className": "c-toDoList__item",
            "orderBy": "title",
            "refetch": [Function],
            "toDo": ToDo {
              "done": false,
              "dueDate": "2018-09-27T10:53:48.248Z",
              "dueDateTimeStamp": 1538045628248,
              "id": "040798423bed67f20f85",
              "priority": 1,
              "title": "Todo 2",
            },
          },
          "ref": null,
          "rendered": null,
          "type": [Function],
        },
      ],
      "type": "ul",
    },
  ],
  Symbol(enzyme.__options__): Object {
    "adapter": ReactSixteenAdapter {
      "options": Object {
        "enableComponentDidUpdateOnSetState": true,
        "lifecycles": Object {
          "componentDidUpdate": Object {
            "onSetState": true,
          },
          "getDerivedStateFromProps": true,
          "getSnapshotBeforeUpdate": true,
          "setState": Object {
            "skipsComponentDidUpdateOnNullish": true,
          },
        },
      },
    },
    "attachTo": undefined,
    "hydrateIn": undefined,
  },
}
`;
